// Vitest Snapshot v1, https://vitest.dev/guide/snapshot.html

exports[`WizardProgress > renders progress summary and matches snapshot 1`] = `
<div>
  <section
    aria-labelledby="wizard-progress-title"
    class="wizard-progress"
  >
    <div
      class="wizard-progress-header"
    >
      <p
        class="eyebrow"
      >
        Parcours guidé
      </p>
      <h3
        id="wizard-progress-title"
      >
        Progression du parcours
      </h3>
      <p
        class="muted small"
      >
        2/7 étapes complétées
      </p>
    </div>
    <div
      aria-label="Progression du parcours"
      aria-valuemax="100"
      aria-valuemin="0"
      aria-valuenow="29"
      class="wizard-progress-bar"
      role="progressbar"
    >
      <span
        style="width: 29%;"
      />
    </div>
    <ol
      class="wizard-progress-steps"
    >
      <li
        class="completed"
      >
        <button
          class="wizard-step "
          type="button"
        >
          <span
            aria-hidden="true"
            class="wizard-step-index"
          >
            ✓
          </span>
          <span
            class="wizard-step-label"
          >
            <span>
              Cartographier les services
            </span>
            <span
              class="muted small"
            >
              Terminé
            </span>
          </span>
        </button>
      </li>
      <li
        class="completed"
      >
        <button
          aria-current="step"
          class="wizard-step active"
          type="button"
        >
          <span
            aria-hidden="true"
            class="wizard-step-index"
          >
            ✓
          </span>
          <span
            class="wizard-step-label"
          >
            <span>
              Centraliser les documents
            </span>
            <span
              class="muted small"
            >
              Terminé
            </span>
          </span>
        </button>
      </li>
      <li>
        <button
          class="wizard-step "
          type="button"
        >
          <span
            aria-hidden="true"
            class="wizard-step-index"
          >
            3
          </span>
          <span
            class="wizard-step-label"
          >
            <span>
              Conduire le BIA
            </span>
            <span
              class="muted small"
            >
              À venir
            </span>
          </span>
        </button>
      </li>
      <li>
        <button
          class="wizard-step "
          type="button"
        >
          <span
            aria-hidden="true"
            class="wizard-step-index"
          >
            4
          </span>
          <span
            class="wizard-step-label"
          >
            <span>
              Qualifier les risques
            </span>
            <span
              class="muted small"
            >
              À venir
            </span>
          </span>
        </button>
      </li>
      <li>
        <button
          class="wizard-step "
          type="button"
        >
          <span
            aria-hidden="true"
            class="wizard-step-index"
          >
            5
          </span>
          <span
            class="wizard-step-label"
          >
            <span>
              Construire les scénarios
            </span>
            <span
              class="muted small"
            >
              À venir
            </span>
          </span>
        </button>
      </li>
      <li>
        <button
          class="wizard-step "
          type="button"
        >
          <span
            aria-hidden="true"
            class="wizard-step-index"
          >
            6
          </span>
          <span
            class="wizard-step-label"
          >
            <span>
              Produire le rapport PRA
            </span>
            <span
              class="muted small"
            >
              À venir
            </span>
          </span>
        </button>
      </li>
      <li>
        <button
          class="wizard-step "
          type="button"
        >
          <span
            aria-hidden="true"
            class="wizard-step-index"
          >
            7
          </span>
          <span
            class="wizard-step-label"
          >
            <span>
              Finaliser les runbooks
            </span>
            <span
              class="muted small"
            >
              À venir
            </span>
          </span>
        </button>
      </li>
    </ol>
  </section>
</div>
`;
